// Jest Snapshot v1, https://goo.gl/fbAQLP

exports[`ScraperFactory throws an error if it does not have a scraper for a given url 1`] = `[Error: No Scraper for facebook.github.io]`;
